../../Middlewares/ST/touchgfx/framework/include/touchgfx/Drawable.hpp:147:23:virtual touchgfx::Drawable* touchgfx::Drawable::getFirstChild()	0	static
../../Middlewares/ST/touchgfx/framework/include/touchgfx/Drawable.hpp:315:18:virtual void touchgfx::Drawable::setX(int16_t)	0	static
../../Middlewares/ST/touchgfx/framework/include/touchgfx/Drawable.hpp:327:18:virtual void touchgfx::Drawable::setY(int16_t)	0	static
../../Middlewares/ST/touchgfx/framework/include/touchgfx/Drawable.hpp:356:18:virtual void touchgfx::Drawable::setWidth(int16_t)	0	static
../../Middlewares/ST/touchgfx/framework/include/touchgfx/Drawable.hpp:368:18:virtual void touchgfx::Drawable::setHeight(int16_t)	0	static
../../Middlewares/ST/touchgfx/framework/include/touchgfx/Drawable.hpp:378:18:virtual void touchgfx::Drawable::childGeometryChanged()	0	static
../../Middlewares/ST/touchgfx/framework/include/touchgfx/Drawable.hpp:389:18:virtual void touchgfx::Drawable::handleClickEvent(const touchgfx::ClickEvent&)	0	static
../../Middlewares/ST/touchgfx/framework/include/touchgfx/Drawable.hpp:401:18:virtual void touchgfx::Drawable::handleGestureEvent(const touchgfx::GestureEvent&)	0	static
../../Middlewares/ST/touchgfx/framework/include/touchgfx/Drawable.hpp:490:18:virtual void touchgfx::Drawable::handleDragEvent(const touchgfx::DragEvent&)	0	static
../../Middlewares/ST/touchgfx/framework/include/touchgfx/Drawable.hpp:501:18:virtual void touchgfx::Drawable::handleTickEvent()	0	static
../../Middlewares/ST/touchgfx/framework/include/touchgfx/Drawable.hpp:588:18:virtual void touchgfx::Drawable::moveTo(int16_t, int16_t)	4	static
../../Middlewares/ST/touchgfx/framework/include/touchgfx/Drawable.hpp:703:18:virtual void touchgfx::Drawable::setupDrawChain(const touchgfx::Rect&, touchgfx::Drawable**)	0	static
../../Middlewares/ST/touchgfx/framework/include/touchgfx/Screen.hpp:104:18:virtual void touchgfx::Screen::afterTransition()	0	static
../../Middlewares/ST/touchgfx/framework/include/touchgfx/Screen.hpp:154:18:virtual void touchgfx::Screen::handleKeyEvent(uint8_t)	0	static
../../TouchGFX/gui/include/gui/screen2_screen/Screen2View.hpp:13:13:Screen2View::~Screen2View()	8	static
../../TouchGFX/gui/include/gui/screen2_screen/Screen2View.hpp:13:13:virtual Screen2View::~Screen2View()	8	static
../../Middlewares/ST/touchgfx/framework/include/touchgfx/Drawable.hpp:121:18:virtual void touchgfx::Drawable::invalidateContent() const	0	static
../../Middlewares/ST/touchgfx/framework/include/touchgfx/widgets/Widget.hpp:45:18:virtual void touchgfx::Widget::getLastChild(int16_t, int16_t, touchgfx::Drawable**)	0	static
../../Middlewares/ST/touchgfx/framework/include/touchgfx/Drawable.hpp:233:10:void touchgfx::Drawable::setPosition(int16_t, int16_t, int16_t, int16_t)	24	static
../../Middlewares/ST/touchgfx/framework/include/touchgfx/widgets/Box.hpp:33:5:touchgfx::Box::Box()	0	static
C:/TouchGFXProjects/Tetris_New/TouchGFX/gui/src/screen2_screen/Screen2View.cpp:8:10:uint32_t readBestScore()	0	static
C:/TouchGFXProjects/Tetris_New/TouchGFX/gui/src/screen2_screen/Screen2View.cpp:16:6:void saveBestScore(uint32_t)	40	static
C:/TouchGFXProjects/Tetris_New/TouchGFX/gui/src/screen2_screen/Screen2View.cpp:95:6:virtual void Screen2View::tearDownScreen()	8	static
C:/TouchGFXProjects/Tetris_New/TouchGFX/gui/src/screen2_screen/Screen2View.cpp:36:1:Screen2View::Screen2View()	24	static
C:/TouchGFXProjects/Tetris_New/TouchGFX/gui/src/screen2_screen/Screen2View.cpp:149:6:void Screen2View::updateFallingPieceInPixels()	24	static
C:/TouchGFXProjects/Tetris_New/TouchGFX/gui/src/screen2_screen/Screen2View.cpp:232:6:bool Screen2View::checkCollision(int, int)	20	static
C:/TouchGFXProjects/Tetris_New/TouchGFX/gui/src/screen2_screen/Screen2View.cpp:108:6:void Screen2View::spawnNewPiece()	24	static
C:/TouchGFXProjects/Tetris_New/TouchGFX/gui/src/screen2_screen/Screen2View.cpp:305:6:void Screen2View::drawBoard()	32	static
C:/TouchGFXProjects/Tetris_New/TouchGFX/gui/src/screen2_screen/Screen2View.cpp:266:6:void Screen2View::checkAndClearLines()	24	static
C:/TouchGFXProjects/Tetris_New/TouchGFX/gui/src/screen2_screen/Screen2View.cpp:245:6:void Screen2View::lockPiece()	24	static
C:/TouchGFXProjects/Tetris_New/TouchGFX/gui/src/screen2_screen/Screen2View.cpp:419:6:virtual void Screen2View::replayGame()	16	static
C:/TouchGFXProjects/Tetris_New/TouchGFX/gui/src/screen2_screen/Screen2View.cpp:331:6:void Screen2View::moveLeftPressed()	8	static
C:/TouchGFXProjects/Tetris_New/TouchGFX/gui/src/screen2_screen/Screen2View.cpp:340:6:void Screen2View::moveRightPressed()	8	static
C:/TouchGFXProjects/Tetris_New/TouchGFX/gui/src/screen2_screen/Screen2View.cpp:349:6:void Screen2View::moveDownPressed()	8	static
C:/TouchGFXProjects/Tetris_New/TouchGFX/gui/src/screen2_screen/Screen2View.cpp:364:6:void Screen2View::moveDownReleased()	0	static
C:/TouchGFXProjects/Tetris_New/TouchGFX/gui/src/screen2_screen/Screen2View.cpp:374:6:void Screen2View::rotatePiecePressed()	56	static
C:/TouchGFXProjects/Tetris_New/TouchGFX/gui/src/screen2_screen/Screen2View.cpp:164:6:virtual void Screen2View::handleTickEvent()	16	static
C:/TouchGFXProjects/Tetris_New/TouchGFX/gui/src/screen2_screen/Screen2View.cpp:43:6:virtual void Screen2View::setupScreen()	56	static
